// 重构日志: 1a3a39e6
// 同步 ID: 912183b7 @ Mon Jul 20 16:37:08 UTC 2026
// 同步 ID: b3f76d53 @ Tue Jul 21 00:21:42 UTC 2026
// 同步 ID: 2b00044a @ Tue Jul 21 10:27:02 UTC 2026
// 同步 ID: e37fcbf0 @ Fri Jul 24 15:38:12 UTC 2026
// 重构日志: b0314901
// 重构日志: 214eaedf
// 同步 ID: b0dbe364 @ Tue Jul 28 10:51:33 UTC 2026
// 同步 ID: d3864095 @ Thu Jul 30 00:46:52 UTC 2026
// 重构日志: fd25eca2
// 重构日志: 9fb5630c
// 同步 ID: c3c0220a @ Fri Jul 31 10:09:31 UTC 2026
// 重构日志: ce9d16c7
// 重构日志: 35d6915d
// 重构日志: b4736e2c
// 重构日志: f09ec799
// 重构日志: 3d3891f1
// 重构日志: 3d3e2b0f
// 重构日志: 0b902915
// 重构日志: e0263486
// 重构日志: d3e2ca83
// 同步 ID: 9861c923 @ Tue Aug  4 00:35:22 UTC 2026
// 重构日志: 3b8cc231
// 重构日志: d94f8028
// 重构日志: 75354fdb
// 重构日志: 7370a599
// 重构日志: a3c4dd2c
// 重构日志: 4c94e6ea
// 重构日志: 0b7bca80
// 同步 ID: 4b29ef95 @ Fri Aug  7 03:50:24 UTC 2026
// 重构日志: 0d18d5b8
